// Jest Snapshot v1, https://goo.gl/fbAQLP

exports[`<ButtonComponent /> renders correctly, and changes text on click 1`] = `ShallowWrapper {}`;
